../Middlewares/Commu/uart_commu.c:81:10:crc16_calc	24	static
../Middlewares/Commu/uart_commu.c:110:6:debug_obj_init	24	static
../Middlewares/Commu/uart_commu.c:118:6:debug_structSize	16	static
../Middlewares/Commu/uart_commu.c:138:6:debug_receive_data	16	static
../Middlewares/Commu/uart_commu.c:143:7:bytes2float	32	static
../Middlewares/Commu/uart_commu.c:163:6:debug_handle	40	static
../Middlewares/Commu/uart_commu.c:299:6:debug_upload_data	72	static
../Middlewares/Commu/uart_commu.c:445:6:debug_init	8	static
../Middlewares/Commu/uart_commu.c:457:6:debug_set_point_range	24	static
../Middlewares/Commu/uart_commu.c:488:6:debug_send_initdata	32	static
../Middlewares/Commu/uart_commu.c:504:6:debug_send_current	24	static
../Middlewares/Commu/uart_commu.c:517:6:debug_send_valtage	16	static
../Middlewares/Commu/uart_commu.c:528:6:debug_send_power	16	static
../Middlewares/Commu/uart_commu.c:539:6:debug_send_speed	16	static
../Middlewares/Commu/uart_commu.c:550:6:debug_send_distance	16	static
../Middlewares/Commu/uart_commu.c:562:6:debug_send_temp	16	static
../Middlewares/Commu/uart_commu.c:574:6:debug_send_motorstate	16	static
../Middlewares/Commu/uart_commu.c:585:6:debug_send_motorcode	16	static
../Middlewares/Commu/uart_commu.c:597:6:debug_send_wave_data	16	static
../Middlewares/Commu/uart_commu.c:611:6:debug_receive_pid	24	static
../Middlewares/Commu/uart_commu.c:623:9:debug_receive_ctrl_code	4	static
