../Middlewares/Commu/uart_commu.c:82:10:crc16_calc	24	static
../Middlewares/Commu/uart_commu.c:111:6:debug_obj_init	24	static
../Middlewares/Commu/uart_commu.c:119:6:debug_structSize	16	static
../Middlewares/Commu/uart_commu.c:139:6:debug_receive_data	16	static
../Middlewares/Commu/uart_commu.c:144:7:bytes2float	24	static
../Middlewares/Commu/uart_commu.c:171:6:config_parse_handler	72	static
../Middlewares/Commu/uart_commu.c:194:6:debug_parse_handler	40	static
../Middlewares/Commu/uart_commu.c:215:6:time_parse_handler	56	static
../Middlewares/Commu/uart_commu.c:259:6:debug_handle	56	static
../Middlewares/Commu/uart_commu.c:351:6:debug_upload_data	72	static
../Middlewares/Commu/uart_commu.c:497:6:debug_init	8	static
../Middlewares/Commu/uart_commu.c:509:6:debug_set_point_range	24	static
../Middlewares/Commu/uart_commu.c:540:6:debug_send_initdata	32	static
../Middlewares/Commu/uart_commu.c:556:6:debug_send_current	24	static
../Middlewares/Commu/uart_commu.c:569:6:debug_send_valtage	16	static
../Middlewares/Commu/uart_commu.c:580:6:debug_send_power	16	static
../Middlewares/Commu/uart_commu.c:591:6:debug_send_speed	16	static
../Middlewares/Commu/uart_commu.c:602:6:debug_send_distance	16	static
../Middlewares/Commu/uart_commu.c:614:6:debug_send_temp	16	static
../Middlewares/Commu/uart_commu.c:626:6:debug_send_motorstate	16	static
../Middlewares/Commu/uart_commu.c:637:6:debug_send_motorcode	16	static
../Middlewares/Commu/uart_commu.c:649:6:debug_send_wave_data	16	static
../Middlewares/Commu/uart_commu.c:663:6:debug_receive_pid	24	static
../Middlewares/Commu/uart_commu.c:675:9:debug_receive_ctrl_code	4	static
