../Core/usr/src/tsk_functions.c:42:6:AutoReloadCallback	24	static
../Core/usr/src/tsk_functions.c:56:6:tsk_init_queues	16	static
../Core/usr/src/tsk_functions.c:92:6:tsk_WaitMoveComplete	24	static
../Core/usr/src/tsk_functions.c:134:6:draw_rectangle	48	static
../Core/usr/src/tsk_functions.c:214:6:init_measureCfg	32	static
../Core/usr/src/tsk_functions.c:229:6:api_axis_x	16	static
../Core/usr/src/tsk_functions.c:241:6:update_stepper_params	32	static
../Core/usr/src/tsk_functions.c:300:6:tsk_Move_Execute	40	static
../Core/usr/src/tsk_functions.c:387:6:tsk_Move_step	16	static
../Core/usr/src/tsk_functions.c:423:6:Move_WorkFlow_handler	56	static
../Core/usr/src/tsk_functions.c:527:6:ADC_WorkFlow_handler	16	static
../Core/usr/src/tsk_functions.c:535:6:Record_WorkFlow_handler	16	static
../Core/usr/src/tsk_functions.c:557:6:tsk_WorkFlow_Handler	8	static
../Core/usr/src/tsk_functions.c:597:6:tsk_USBH_UserProcess	32	static
../Core/usr/src/tsk_functions.c:658:6:sliede_way_test	16	static
../Core/usr/src/tsk_functions.c:699:6:initialize_WorkFlow_Api	4	static
../Core/usr/src/tsk_functions.c:715:9:Create_Measure_file	296	static
