../Core/usr/src/tsk_functions.c:42:6:AutoReloadCallback	24	static
../Core/usr/src/tsk_functions.c:56:6:tsk_init_queues	16	static
../Core/usr/src/tsk_functions.c:92:6:tsk_WaitMoveComplete	24	static
../Core/usr/src/tsk_functions.c:134:6:draw_rectangle	48	static
../Core/usr/src/tsk_functions.c:214:6:init_measureCfg	32	static
../Core/usr/src/tsk_functions.c:227:6:api_axis_x	16	static
../Core/usr/src/tsk_functions.c:234:6:ADC_WorkFlow_handler	16	static
../Core/usr/src/tsk_functions.c:240:6:Record_WorkFlow_handler	16	static
../Core/usr/src/tsk_functions.c:250:6:update_stepper_params	16	static
../Core/usr/src/tsk_functions.c:281:6:tsk_Move_Execute	24	static
../Core/usr/src/tsk_functions.c:354:6:tsk_Move_step	16	static
../Core/usr/src/tsk_functions.c:383:6:Move_WorkFlow_handler	24	static
../Core/usr/src/tsk_functions.c:470:6:tsk_Measuring	8	static
../Core/usr/src/tsk_functions.c:502:6:init_input_io	32	static
../Core/usr/src/tsk_functions.c:522:6:sliede_way_test	16	static
../Core/usr/src/tsk_functions.c:563:6:initialize_WorkFlow_Api	4	static
